---
source: src/tests/code_block.rs
description: "INPUT\n===\n\"#{\\na;\\n\\nb\\n}\"\n===\n#{\na;\n\nb\n}\n===\nFORMATTED\n===\n#{\n  a\n  b\n}"
expression: formatted
---
"#{\n  a\n  b\n}"
