---
source: src/tests/snippets.rs
description: "INPUT\n===\n\"#for k in range(5) {\\n  repr(k) + \\\" \\\" \\n}\"\n===\n#for k in range(5) {\n  repr(k) + \" \" \n}\n===\nFORMATTED\n===\n#for k in range(5) { repr(k) + \" \" }"
expression: formatted
---
"#for k in range(5) { repr(k) + \" \" }"
