---
source: src/tests/code_block.rs
description: "INPUT\n===\n\"#{\\na;b}\"\n===\n#{\na;b}\n===\nFORMATTED\n===\n#{\n  a\n  b\n}"
expression: formatted
---
"#{\n  a\n  b\n}"
