---
source: src/tests/code_block.rs
description: "INPUT\n===\n\"#{  a;b  }\"\n===\n#{  a;b  }\n===\nFORMATTED\n===\n#{\n  a\n  b\n}"
expression: formatted
---
"#{\n  a\n  b\n}"
