---
source: lib/src/tests/args.rs
description: "INPUT\n===\n\"#(\\nauto,)\"\n===\n#(\nauto,)\n===\nFORMATTED\n===\n#(auto,)"
expression: formatted
---
"#(auto,)"
