---
source: lib/src/tests/basic.rs
description: "INPUT\n===\n\" \"\n===\n \n===\nFORMATTED\n===\n "
expression: formatted
---
" "
