---
source: lib/src/tests/basic.rs
description: "INPUT\n===\n\"#let ident=variable\"\n===\n#let ident=variable\n===\nFORMATTED\n===\n#let ident = variable"
expression: formatted
---
"#let ident = variable"
