---
source: lib/src/tests/args.rs
description: "INPUT\n===\n\"#f(this_is_absurdly_loooooooooong , )\"\n===\n#f(this_is_absurdly_loooooooooong , )\n===\nFORMATTED\n===\n#f(this_is_absurdly_loooooooooong)"
expression: formatted
---
"#f(this_is_absurdly_loooooooooong)"
